#-----------------------------------------------------------
# Vivado v2023.2 (64-bit)
# SW Build 4029153 on Fri Oct 13 20:14:34 MDT 2023
# IP Build 4028589 on Sat Oct 14 00:45:43 MDT 2023
# SharedData Build 4025554 on Tue Oct 10 17:18:54 MDT 2023
# Start of session at: Sun Jan 14 22:06:06 2024
# Process ID: 22128
# Current directory: C:/Users/Florina/Desktop/FACULTATE/SCS/ProiectALU/ProiectALU
# Command line: vivado.exe -gui_launcher_event rodinguilauncherevent17156 C:\Users\Florina\Desktop\FACULTATE\SCS\ProiectALU\ProiectALU\ProiectALU.xpr
# Log file: C:/Users/Florina/Desktop/FACULTATE/SCS/ProiectALU/ProiectALU/vivado.log
# Journal file: C:/Users/Florina/Desktop/FACULTATE/SCS/ProiectALU/ProiectALU\vivado.jou
# Running On: DESKTOP-1238Q2R, OS: Windows, CPU Frequency: 2304 MHz, CPU Physical cores: 8, Host memory: 16889 MB
#-----------------------------------------------------------
start_gui
open_project C:/Users/Florina/Desktop/FACULTATE/SCS/ProiectALU/ProiectALU/ProiectALU.xpr
update_compile_order -fileset sources_1
